main.c:145:5:main	168	static
main.c:358:6:SystemClock_Config	144	static
main.c:412:13:MX_AES_Init	8	static
main.c:443:13:MX_CRC_Init	8	static
main.c:472:13:MX_RNG_Init	8	static
main.c:497:13:MX_SPI1_Init	8	static
main.c:535:13:MX_TIM1_Init	104	static
main.c:605:13:MX_TIM16_Init	8	static
main.c:635:13:MX_GPIO_Init	48	static
main.c:702:6:HAL_GPIO_EXTI_Falling_Callback	24	static
main.c:724:6:HAL_GPIO_EXTI_Rising_Callback	16	static
main.c:735:6:HAL_TIM_PeriodElapsedCallback	64	static
main.c:791:13:readingCallback	120	static
main.c:840:13:readKeyFromFlash	24	static
main.c:848:13:writeKeyToFlash	64	static
main.c:865:17:readSeqFromFlash	24	static
main.c:869:13:writeSeqToFlash	32	static
main.c:885:6:Error_Handler	8	static,ignoring_inline_asm
